Starting Scenario 1: Normal load
Completed Scenario 1
Starting Scenario 2: Rate limit storm
Completed Scenario 2
Starting Scenario 3: Large file attack
Completed Scenario 3
Starting Scenario 4: Slow query attack
Completed Scenario 4
{
  "baseUrl": "http://127.0.0.1:3201",
  "generatedAt": "2026-04-06T16:55:49.776Z",
  "scenarios": [
    {
      "details": {
        "autocannonSmoke": {
          "errors": 0,
          "latency": {
            "p50Ms": 21,
            "p95Ms": 76,
            "p99Ms": 155
          },
          "timeouts": 0
        },
        "latency": {
          "p50Ms": 450,
          "p95Ms": 701,
          "p99Ms": 810
        },
        "requestCount": 794,
        "requestsPerSecondAverage": 13.23,
        "serverHealthyAfterRun": true,
        "statusCounts": {
          "200": 794
        }
      },
      "name": "Scenario 1: Normal load",
      "passed": true
    },
    {
      "details": {
        "firstTenStatuses": [
          200,
          200,
          200,
          200,
          200,
          200,
          200,
          200,
          200,
          200
        ],
        "legitimateRequestStillWorks": true,
        "stormRequestCount": 1848,
        "stormStatusCounts": {
          "429": 1848
        }
      },
      "name": "Scenario 2: Rate limit storm",
      "passed": true
    },
    {
      "details": {
        "durationsMs": [
          1927,
          2088,
          2137
        ],
        "peakRssMb": 1022.57,
        "serverHealthyAfterRun": true,
        "statuses": [
          200,
          200,
          200
        ]
      },
      "name": "Scenario 3: Large file attack",
      "passed": true
    },
    {
      "details": {
        "attackDurationsMs": [
          30055,
          30071,
          30082,
          30089,
          30094
        ],
        "attackStatuses": [
          408,
          408,
          408,
          408,
          408
        ],
        "legitimateDuringAttackDurationMs": 1173,
        "legitimateDuringAttackStatus": 200,
        "timeoutWindowMs": 35000
      },
      "name": "Scenario 4: Slow query attack",
      "passed": true
    }
  ]
}
